../User/Drv/src/tim.c:29:10:u32_Tim_1msGet	8	static
../User/Drv/src/tim.c:48:6:isDWTEnable	0	static
../User/Drv/src/tim.c:52:6:DWT_Init	8	static
../User/Drv/src/tim.c:60:6:delay_us	0	static
../User/Drv/src/tim.c:69:6:v_1Cycle_Time	0	static
../User/Drv/src/tim.c:34:6:v_Tim_1s_Test	8	static
../User/Drv/src/tim.c:93:6:v_TIM1_Init	0	static
../User/Drv/src/tim.c:121:6:v_TIM2_Ch1_Out	8	static
../User/Drv/src/tim.c:152:6:v_TIM2_Ch2_Out	8	static
../User/Drv/src/tim.c:182:6:v_TIM2_Ch3_Out	8	static
../User/Drv/src/tim.c:214:6:v_TIM2_Ch4_Out	8	static
../User/Drv/src/tim.c:293:6:v_Tim4_Ch2_Out	8	static
../User/Drv/src/tim.c:334:6:v_Tim_Init	8	static
../User/Drv/src/tim.c:343:6:v_Tim_Handler	0	static
../User/Drv/src/tim.c:348:6:HAL_TIM_PeriodElapsedCallback	8	static
../User/Drv/src/tim.c:356:6:HAL_TIM_PWM_PulseFinishedCallback	8	static
