../User/Drv/src/uart.c:114:6:HAL_UART_TxCpltCallback	0	static
../User/Drv/src/uart.c:130:6:HAL_UART_RxCpltCallback	8	static
../User/Drv/src/uart.c:149:6:v_Uart_Init	8	static
../User/Drv/src/uart.c:161:6:v_Uart_Handler	16	static
../User/Drv/src/uart.c:184:6:v_Uart_ESP_DisableIT	8	static
../User/Drv/src/uart.c:188:6:v_Uart_ESP_EnableIT	8	static
../User/Drv/src/uart.c:198:6:v_Uart_ESP_Out	16	static
../User/Drv/src/uart.c:280:6:v_Uart_DBG_DisableIT	8	static
../User/Drv/src/uart.c:284:6:v_Uart_DBG_EnableIT	8	static
../User/Drv/src/uart.c:295:6:v_Uart_DBG_Out	16	static
../User/Drv/src/uart.c:245:5:_write	16	static
../User/Drv/src/uart.c:338:6:b_Uart_DBG_Ready	0	static
../User/Drv/src/uart.c:353:6:v_printf_poll	16	static
../User/Drv/src/uart.c:386:6:v_Uart_ESP_Test	8	static
