../VL53L0X/core/src/vl53l0x_api.c:53:15:VL53L0X_GetVersion	0	static
../VL53L0X/core/src/vl53l0x_api.c:69:15:VL53L0X_GetPalSpecVersion	0	static
../VL53L0X/core/src/vl53l0x_api.c:85:15:VL53L0X_GetProductRevision	24	static
../VL53L0X/core/src/vl53l0x_api.c:103:15:VL53L0X_GetDeviceInfo	8	static
../VL53L0X/core/src/vl53l0x_api.c:116:15:VL53L0X_GetDeviceErrorStatus	16	static
../VL53L0X/core/src/vl53l0x_api.c:134:15:VL53L0X_GetDeviceErrorString	8	static
../VL53L0X/core/src/vl53l0x_api.c:147:15:VL53L0X_GetRangeStatusString	8	static
../VL53L0X/core/src/vl53l0x_api.c:161:15:VL53L0X_GetPalErrorString	8	static
../VL53L0X/core/src/vl53l0x_api.c:174:15:VL53L0X_GetPalStateString	8	static
../VL53L0X/core/src/vl53l0x_api.c:187:15:VL53L0X_GetPalState	0	static
../VL53L0X/core/src/vl53l0x_api.c:236:15:VL53L0X_GetPowerMode	16	static
../VL53L0X/core/src/vl53l0x_api.c:261:15:VL53L0X_SetOffsetCalibrationDataMicroMeter	8	static
../VL53L0X/core/src/vl53l0x_api.c:275:15:VL53L0X_GetOffsetCalibrationDataMicroMeter	8	static
../VL53L0X/core/src/vl53l0x_api.c:289:15:VL53L0X_SetLinearityCorrectiveGain	8	static
../VL53L0X/core/src/vl53l0x_api.c:313:15:VL53L0X_GetLinearityCorrectiveGain	0	static
../VL53L0X/core/src/vl53l0x_api.c:326:15:VL53L0X_SetGroupParamHold	0	static
../VL53L0X/core/src/vl53l0x_api.c:338:15:VL53L0X_GetUpperLimitMilliMeter	0	static
../VL53L0X/core/src/vl53l0x_api.c:351:15:VL53L0X_GetTotalSignalRate	48	static
../VL53L0X/core/src/vl53l0x_api.c:371:15:VL53L0X_SetDeviceAddress	8	static
../VL53L0X/core/src/vl53l0x_api.c:556:15:VL53L0X_SetTuningSettingBuffer	0	static
../VL53L0X/core/src/vl53l0x_api.c:583:15:VL53L0X_GetTuningSettingBuffer	0	static
../VL53L0X/core/src/vl53l0x_api.c:779:15:VL53L0X_WaitDeviceBooted	0	static
../VL53L0X/core/src/vl53l0x_api.c:791:15:VL53L0X_ResetDevice	24	static
../VL53L0X/core/src/vl53l0x_api.c:962:15:VL53L0X_SetDeviceMode	0	static
../VL53L0X/core/src/vl53l0x_api.c:987:15:VL53L0X_GetDeviceMode	0	static
../VL53L0X/core/src/vl53l0x_api.c:1000:15:VL53L0X_SetRangeFractionEnable	16	static
../VL53L0X/core/src/vl53l0x_api.c:1015:15:VL53L0X_GetFractionEnable	8	static
../VL53L0X/core/src/vl53l0x_api.c:1030:15:VL53L0X_SetHistogramMode	0	static
../VL53L0X/core/src/vl53l0x_api.c:1043:15:VL53L0X_GetHistogramMode	0	static
../VL53L0X/core/src/vl53l0x_api.c:1056:15:VL53L0X_SetMeasurementTimingBudgetMicroSeconds	8	static
../VL53L0X/core/src/vl53l0x_api.c:1071:15:VL53L0X_GetMeasurementTimingBudgetMicroSeconds	8	static
../VL53L0X/core/src/vl53l0x_api.c:1085:15:VL53L0X_SetVcselPulsePeriod	8	static
../VL53L0X/core/src/vl53l0x_api.c:1099:15:VL53L0X_GetVcselPulsePeriod	8	static
../VL53L0X/core/src/vl53l0x_api.c:1113:15:VL53L0X_SetSequenceStepEnable	32	static
../VL53L0X/core/src/vl53l0x_api.c:1203:15:sequence_step_enabled	0	static
../VL53L0X/core/src/vl53l0x_api.c:1235:15:VL53L0X_GetSequenceStepEnable	24	static
../VL53L0X/core/src/vl53l0x_api.c:1255:15:VL53L0X_GetSequenceStepEnables	24	static
../VL53L0X/core/src/vl53l0x_api.c:1296:15:VL53L0X_GetNumberOfSequenceSteps	0	static
../VL53L0X/core/src/vl53l0x_api.c:1309:15:VL53L0X_GetSequenceStepsInfo	8	static
../VL53L0X/core/src/vl53l0x_api.c:1326:15:VL53L0X_SetSequenceStepTimeout	24	static
../VL53L0X/core/src/vl53l0x_api.c:1380:15:VL53L0X_GetSequenceStepTimeout	16	static
../VL53L0X/core/src/vl53l0x_api.c:1401:15:VL53L0X_SetInterMeasurementPeriodMilliSeconds	24	static
../VL53L0X/core/src/vl53l0x_api.c:1437:15:VL53L0X_GetInterMeasurementPeriodMilliSeconds	24	static
../VL53L0X/core/src/vl53l0x_api.c:1469:15:VL53L0X_SetXTalkCompensationEnable	16	static
../VL53L0X/core/src/vl53l0x_api.c:1507:15:VL53L0X_GetXTalkCompensationEnable	0	static
../VL53L0X/core/src/vl53l0x_api.c:1522:15:VL53L0X_SetXTalkCompensationRateMegaCps	16	static
../VL53L0X/core/src/vl53l0x_api.c:1561:15:VL53L0X_GetXTalkCompensationRateMegaCps	24	static
../VL53L0X/core/src/vl53l0x_api.c:1594:15:VL53L0X_SetRefCalibration	8	static
../VL53L0X/core/src/vl53l0x_api.c:1607:15:VL53L0X_GetRefCalibration	8	static
../VL53L0X/core/src/vl53l0x_api.c:1624:15:VL53L0X_GetNumberOfLimitCheck	0	static
../VL53L0X/core/src/vl53l0x_api.c:1636:15:VL53L0X_GetLimitCheckInfo	8	static
../VL53L0X/core/src/vl53l0x_api.c:1650:15:VL53L0X_GetLimitCheckStatus	0	static
../VL53L0X/core/src/vl53l0x_api.c:1674:15:VL53L0X_SetLimitCheckEnable	16	static
../VL53L0X/core/src/vl53l0x_api.c:1778:15:VL53L0X_GetLimitCheckEnable	0	static
../VL53L0X/core/src/vl53l0x_api.c:1800:15:VL53L0X_SetLimitCheckValue	16	static
../VL53L0X/core/src/vl53l0x_api.c:1877:15:VL53L0X_GetLimitCheckValue	24	static
../VL53L0X/core/src/vl53l0x_api.c:1969:15:VL53L0X_GetLimitCheckCurrent	0	static
../VL53L0X/core/src/vl53l0x_api.c:2044:15:VL53L0X_SetWrapAroundCheckEnable	24	static
../VL53L0X/core/src/vl53l0x_api.c:837:15:VL53L0X_SetDeviceParameters	32	static
../VL53L0X/core/src/vl53l0x_api.c:2076:15:VL53L0X_GetWrapAroundCheckEnable	24	static
../VL53L0X/core/src/vl53l0x_api.c:889:15:VL53L0X_GetDeviceParameters	32	static
../VL53L0X/core/src/vl53l0x_api.c:384:15:VL53L0X_DataInit	152	static
../VL53L0X/core/src/vl53l0x_api.c:2136:15:VL53L0X_PerformSingleHistogramMeasurement	0	static
../VL53L0X/core/src/vl53l0x_api.c:2149:15:VL53L0X_PerformRefCalibration	8	static
../VL53L0X/core/src/vl53l0x_api.c:2164:15:VL53L0X_PerformXTalkMeasurement	0	static
../VL53L0X/core/src/vl53l0x_api.c:2178:15:VL53L0X_PerformXTalkCalibration	8	static
../VL53L0X/core/src/vl53l0x_api.c:2193:15:VL53L0X_PerformOffsetCalibration	8	static
../VL53L0X/core/src/vl53l0x_api.c:2431:15:VL53L0X_WaitDeviceReadyForNewMeasurement	0	static
../VL53L0X/core/src/vl53l0x_api.c:2445:15:VL53L0X_GetRangingMeasurementData	80	static
../VL53L0X/core/src/vl53l0x_api.c:2603:15:VL53L0X_GetMeasurementRefSignal	0	static
../VL53L0X/core/src/vl53l0x_api.c:2624:15:VL53L0X_GetHistogramMeasurementData	0	static
../VL53L0X/core/src/vl53l0x_api.c:2664:15:VL53L0X_SetNumberOfROIZones	0	static
../VL53L0X/core/src/vl53l0x_api.c:2679:15:VL53L0X_GetNumberOfROIZones	0	static
../VL53L0X/core/src/vl53l0x_api.c:2692:15:VL53L0X_GetMaxNumberOfROIZones	0	static
../VL53L0X/core/src/vl53l0x_api.c:2802:15:VL53L0X_GetGpioConfig	24	static
../VL53L0X/core/src/vl53l0x_api.c:2874:15:VL53L0X_SetInterruptThresholds	16	static
../VL53L0X/core/src/vl53l0x_api.c:2900:15:VL53L0X_GetInterruptThresholds	24	static
../VL53L0X/core/src/vl53l0x_api.c:2207:15:VL53L0X_CheckAndLoadInterruptSettings	24	static
../VL53L0X/core/src/vl53l0x_api.c:2283:15:VL53L0X_StartMeasurement	32	static
../VL53L0X/core/src/vl53l0x_api.c:2104:15:VL53L0X_PerformSingleMeasurement	16	static
../VL53L0X/core/src/vl53l0x_api.c:2367:15:VL53L0X_StopMeasurement	8	static
../VL53L0X/core/src/vl53l0x_api.c:2928:15:VL53L0X_GetStopCompletedStatus	24	static
../VL53L0X/core/src/vl53l0x_api.c:2962:15:VL53L0X_ClearInterruptMask	40	static
../VL53L0X/core/src/vl53l0x_api.c:2635:15:VL53L0X_PerformSingleRangingMeasurement	16	static
../VL53L0X/core/src/vl53l0x_api.c:2707:15:VL53L0X_SetGpioConfig	16	static
../VL53L0X/core/src/vl53l0x_api.c:598:15:VL53L0X_StaticInit	160	static
../VL53L0X/core/src/vl53l0x_api.c:199:15:VL53L0X_SetPowerMode	8	static
../VL53L0X/core/src/vl53l0x_api.c:2993:15:VL53L0X_GetInterruptMaskStatus	16	static
../VL53L0X/core/src/vl53l0x_api.c:2395:15:VL53L0X_GetMeasurementDataReady	16	static
../VL53L0X/core/src/vl53l0x_api.c:3012:15:VL53L0X_EnableInterruptMask	0	static
../VL53L0X/core/src/vl53l0x_api.c:3029:15:VL53L0X_SetSpadAmbientDamperThreshold	16	static
../VL53L0X/core/src/vl53l0x_api.c:3044:15:VL53L0X_GetSpadAmbientDamperThreshold	16	static
../VL53L0X/core/src/vl53l0x_api.c:3059:15:VL53L0X_SetSpadAmbientDamperFactor	16	static
../VL53L0X/core/src/vl53l0x_api.c:3077:15:VL53L0X_GetSpadAmbientDamperFactor	24	static
../VL53L0X/core/src/vl53l0x_api.c:3100:15:VL53L0X_SetReferenceSpads	8	static
../VL53L0X/core/src/vl53l0x_api.c:3114:15:VL53L0X_GetReferenceSpads	8	static
../VL53L0X/core/src/vl53l0x_api.c:3128:15:VL53L0X_PerformRefSpadManagement	8	static
