../VL53L0X/platform/src/vl53l0x_platform.c:286:12:_I2CWrite	24	static
../VL53L0X/platform/src/vl53l0x_platform.c:308:12:_I2CRead	24	static
../VL53L0X/platform/src/vl53l0x_platform.c:256:6:v_TOF2_GPIO_Callback	0	static
../VL53L0X/platform/src/vl53l0x_platform.c:263:6:v_TOF2_SHUT_High	8	static
../VL53L0X/platform/src/vl53l0x_platform.c:267:6:v_TOF2_SHUT_Low	8	static
../VL53L0X/platform/src/vl53l0x_platform.c:271:6:b_TOF1_GPIO	8	static
../VL53L0X/platform/src/vl53l0x_platform.c:275:6:v_TOF1_SHUT_High	8	static
../VL53L0X/platform/src/vl53l0x_platform.c:279:6:v_TOF1_SHUT_Low	8	static
../VL53L0X/platform/src/vl53l0x_platform.c:339:15:VL53L0X_WriteMulti	24	static
../VL53L0X/platform/src/vl53l0x_platform.c:360:15:VL53L0X_ReadMulti	8	static
../VL53L0X/platform/src/vl53l0x_platform.c:374:15:VL53L0X_WrByte	8	static
../VL53L0X/platform/src/vl53l0x_platform.c:391:15:VL53L0X_WrWord	8	static
../VL53L0X/platform/src/vl53l0x_platform.c:409:15:VL53L0X_WrDWord	8	static
../VL53L0X/platform/src/vl53l0x_platform.c:443:15:VL53L0X_RdByte	8	static
../VL53L0X/platform/src/vl53l0x_platform.c:429:15:VL53L0X_UpdateByte	32	static
../VL53L0X/platform/src/vl53l0x_platform.c:458:15:VL53L0X_RdWord	8	static
../VL53L0X/platform/src/vl53l0x_platform.c:475:15:VL53L0X_RdDWord	8	static
../VL53L0X/platform/src/vl53l0x_platform.c:492:15:VL53L0X_PollingDelay	8	static
../VL53L0X/platform/src/vl53l0x_platform.c:518:5:i_TOF_Init	16	static
../VL53L0X/platform/src/vl53l0x_platform.c:557:6:v_TOF_RangingTest	8	static
../VL53L0X/platform/src/vl53l0x_platform.c:615:5:i_TOF_RangingTest_Cont	8	static
../VL53L0X/platform/src/vl53l0x_platform.c:642:6:v_TOF_CommCheck	8	static
../VL53L0X/platform/src/vl53l0x_platform.c:720:6:v_TOF_Deinit	0	static
../VL53L0X/platform/src/vl53l0x_platform.c:724:15:e_TOF_Ready	8	static
../VL53L0X/platform/src/vl53l0x_platform.c:751:6:v_TOF_Handler	8	static
../VL53L0X/platform/src/vl53l0x_platform.c:777:10:u16_TOF_Get_1	0	static
../VL53L0X/platform/src/vl53l0x_platform.c:781:10:u16_TOF_Get_2	0	static
