../MLX90640/platform/src/mlx90640_platform.c:17:6:MLX90640_I2CInit	0	static
../MLX90640/platform/src/mlx90640_platform.c:25:5:MLX90640_I2CGeneralReset	0	static
../MLX90640/platform/src/mlx90640_platform.c:32:5:MLX90640_I2CRead	16	static
../MLX90640/platform/src/mlx90640_platform.c:53:5:MLX90640_I2CWrite	8	static
../MLX90640/platform/src/mlx90640_platform.c:68:6:MLX90640_I2CFreqSet	0	static
../MLX90640/platform/src/mlx90640_platform.c:79:6:v_Temp_IR_WR_Done	0	static
../MLX90640/platform/src/mlx90640_platform.c:83:6:v_Temp_IR_RD_Done	0	static
../MLX90640/platform/src/mlx90640_platform.c:97:5:i_Temp_IR_Write_DMA	24	static
../MLX90640/platform/src/mlx90640_platform.c:107:5:i_Temp_IR_Read_DMA	16	static
../MLX90640/platform/src/mlx90640_platform.c:113:6:v_Temp_IR_Tout_Handler	8	static
../MLX90640/platform/src/mlx90640_platform.c:173:6:v_IR_TEMP_Test	24	static
../MLX90640/platform/src/mlx90640_platform.c:215:6:v_TempIR_Deinit	0	static
../MLX90640/platform/src/mlx90640_platform.c:219:15:e_IR_Temp_Ready	8	static
../MLX90640/platform/src/mlx90640_platform.c:251:6:v_IR_TEMP_Handler	16	static
../MLX90640/platform/src/mlx90640_platform.c:299:7:f_IR_Temp_Get	0	static
../MLX90640/platform/src/mlx90640_platform.c:313:15:e_TempIR_Is_DataReady	8	static
../MLX90640/platform/src/mlx90640_platform.c:386:6:v_Temp_IR_Data_Handler	24	static
../MLX90640/platform/src/mlx90640_platform.c:512:6:v_Temp_IR_Test	8	static
