../ES8388/platform/src/es8388_platform.c:40:6:v_Codec_WrDone	0	static
../ES8388/platform/src/es8388_platform.c:45:6:v_Codec_RdDone	8	static
../ES8388/platform/src/es8388_platform.c:52:5:i_Codec_Write	16	static
../ES8388/platform/src/es8388_platform.c:59:5:i_Codec_Read	16	static
../ES8388/platform/src/es8388_platform.c:66:6:v_Codec_Tout_Handler	8	static
../ES8388/platform/src/es8388_platform.c:77:6:v_Codec_Deinit	0	static
../ES8388/platform/src/es8388_platform.c:208:5:i_AUDIO_ADC_Volume	16	static
../ES8388/platform/src/es8388_platform.c:241:5:i_AUDIO_DAC_Digital_Volume	16	static
../ES8388/platform/src/es8388_platform.c:280:5:i_AUDIO_DAC_Analog_Volume	24	static
../ES8388/platform/src/es8388_platform.c:115:5:i_Codec_Volume_Ctrl	8	static
../ES8388/platform/src/es8388_platform.c:349:6:b_AUDIO_Start	0	static
../ES8388/platform/src/es8388_platform.c:357:6:b_AUDIO_Stop	0	static
../ES8388/platform/src/es8388_platform.c:362:5:i_AUDIO_Reset	16	static
../ES8388/platform/src/es8388_platform.c:394:5:i_AUDIO_Playback	16	static
../ES8388/platform/src/es8388_platform.c:82:15:e_Codec_Ready	8	static
../ES8388/platform/src/es8388_platform.c:141:6:v_AUDIO_Test	8	static
../ES8388/platform/src/es8388_platform.c:618:5:i_AUDIO_PWR_Down	8	static
../ES8388/platform/src/es8388_platform.c:663:5:i_AUDIO_PWR_Up	8	static
../ES8388/platform/src/es8388_platform.c:708:5:i_AUDIO_Mute	16	static
../ES8388/platform/src/es8388_platform.c:727:5:i_AUDIO_UnMute	16	static
