../MINIMP3/core/inc/minimp3.h:248:17:get_bits	8	static
../MINIMP3/core/inc/minimp3.h:264:12:hdr_valid	0	static
../MINIMP3/core/inc/minimp3.h:273:12:hdr_compare	16	static
../MINIMP3/core/inc/minimp3.h:281:17:hdr_bitrate_kbps	0	static
../MINIMP3/core/inc/minimp3.h:290:17:hdr_sample_rate_hz	0	static
../MINIMP3/core/inc/minimp3.h:296:17:hdr_frame_samples	0	static
../MINIMP3/core/inc/minimp3.h:301:12:hdr_frame_bytes	24	static
../MINIMP3/core/inc/minimp3.h:311:12:hdr_padding	0	static
../MINIMP3/core/inc/minimp3.h:642:14:L3_ldexp_q2	0	static
../MINIMP3/core/inc/minimp3.h:879:13:L3_midside_stereo	0	static
../MINIMP3/core/inc/minimp3.h:1047:13:L3_dct3_9	0	static
../MINIMP3/core/inc/minimp3.h:1087:13:L3_imdct36	120	static
../MINIMP3/core/inc/minimp3.h:1430:16:mp3d_scale_pcm	0	static,ignoring_inline_asm
../MINIMP3/core/inc/minimp3.h:1451:13:mp3d_synth_pair	16	static
../MINIMP3/core/inc/minimp3.h:1629:13:mp3d_synth_granule	304	static
../MINIMP3/core/inc/minimp3.h:1153:13:L3_imdct12	40	static
../MINIMP3/core/inc/minimp3.h:1708:6:mp3dec_init	0	static
../MINIMP3/core/inc/minimp3.h:1713:5:mp3dec_decode_frame	17328	static
../MINIMP3/platform/src/minimp3_platform.c:66:6:HAL_SAI_TxHalfCpltCallback	0	static
../MINIMP3/platform/src/minimp3_platform.c:72:6:HAL_SAI_TxCpltCallback	0	static
../MINIMP3/platform/src/minimp3_platform.c:106:6:Volume_table_Create	32	static
../MINIMP3/platform/src/minimp3_platform.c:114:6:fill_dac_buffer_mono	12	static
../MINIMP3/platform/src/minimp3_platform.c:129:6:fill_dac_buffer_stereo	0	static
../MINIMP3/platform/src/minimp3_platform.c:138:6:fill_dac_buffer	8	static
../MINIMP3/platform/src/minimp3_platform.c:148:6:HAL_DAC_ConvHalfCpltCallbackCh1	0	static
../MINIMP3/platform/src/minimp3_platform.c:152:6:HAL_DAC_ConvCpltCallbackCh1	0	static
../MINIMP3/platform/src/minimp3_platform.c:204:6:v_MP3_Init	0	static
../MINIMP3/platform/src/minimp3_platform.c:208:6:v_MP3_Play_T	48	static
../MINIMP3/platform/src/minimp3_platform.c:323:6:v_MP3_Test	8	static
../MINIMP3/platform/src/minimp3_platform.c:339:5:i_MP3_Play	48	static
../MINIMP3/platform/src/minimp3_platform.c:466:5:i_MP3_Play_T	56	static
../MINIMP3/platform/src/minimp3_platform.c:605:5:i_MP3_Play_DAC	56	static
../MINIMP3/platform/src/minimp3_platform.c:717:6:v_MP3_DAC_Test	8	static
../MINIMP3/platform/src/minimp3_platform.c:746:5:i_MP3_Start	16	static
../MINIMP3/platform/src/minimp3_platform.c:776:5:i_MP3_Stop	8	static
../MINIMP3/platform/src/minimp3_platform.c:797:5:i_MP3_Decode	40	static
../MINIMP3/platform/src/minimp3_platform.c:986:5:i_MP3_Player	8	static
../MINIMP3/platform/src/minimp3_platform.c:1009:5:i_MP3_ForceStop	8	static
../MINIMP3/platform/src/minimp3_platform.c:1015:5:i_MP3_Is_Ready	0	static
../MINIMP3/platform/src/minimp3_platform.c:1024:5:i_MP3_Get_Stat	0	static
../MINIMP3/platform/src/minimp3_platform.c:1028:5:i_MP3_Playing	8	static
../MINIMP3/platform/src/minimp3_platform.c:1045:5:i_MP3_Begin	8	static
../MINIMP3/platform/src/minimp3_platform.c:1065:6:v_MP3_Test_Play	8	static
../MINIMP3/platform/src/minimp3_platform.c:1096:6:v_MP3_Play_All	8	static
