../Core/Src/main.c:1492:13:MX_GPIO_Init	72	static
../Core/Src/main.c:1139:13:MX_TIM7_Init	24	static,ignoring_inline_asm
../Core/Src/main.c:1080:13:MX_TIM4_Init	64	static,ignoring_inline_asm
../Core/Src/main.c:298:6:SystemClock_Config	120	static,ignoring_inline_asm
../Core/Src/main.c:357:6:PeriphCommonClock_Config	192	static,ignoring_inline_asm
../Core/Src/main.c:152:5:main	128	static,ignoring_inline_asm
../Core/Src/main.c:1640:6:v_RTC_Write_BKUP	8	static
../Core/Src/main.c:1644:10:u32_RTC_Read_BKUP	8	static
../Core/Src/main.c:1648:6:v_WakeUp_Clock_Config	8	static
../Core/Src/main.c:1691:6:Error_Handler	0	static,ignoring_inline_asm
