../AS6221/platform/src/as6221_platform.c:49:6:v_AS6221_Write_DoneHandler	0	static
../AS6221/platform/src/as6221_platform.c:68:6:v_AS6221_Read_DoneHandler	0	static
../AS6221/platform/src/as6221_platform.c:86:5:i_Temp_InOut_Write	24	static
../AS6221/platform/src/as6221_platform.c:99:5:i_Temp_InOut_Read	16	static
../AS6221/platform/src/as6221_platform.c:113:6:v_Temp_InOut_Tout_Handler	8	static
../AS6221/platform/src/as6221_platform.c:149:6:v_Temp_InOut_Deinit	0	static
../AS6221/platform/src/as6221_platform.c:155:15:e_Temp_InOut_Ready	16	static
../AS6221/platform/src/as6221_platform.c:182:6:v_Temp_InOut_Handler	8	static
../AS6221/platform/src/as6221_platform.c:210:7:f_Temp_In_Get	0	static
../AS6221/platform/src/as6221_platform.c:214:7:f_Temp_Out_Get	0	static
../AS6221/platform/src/as6221_platform.c:226:6:v_AS6221_Test	16	static
../AS6221/platform/src/as6221_platform.c:314:6:v_TempOut_Test	32	static
