../User/Edit/src/mode.c:753:12:i_Mode_Is_TempHeater_Over	16	static
../User/Edit/src/mode.c:773:12:i_Mode_Is_TempHeater_Under	16	static
../User/Edit/src/mode.c:688:13:v_Mode_Heater_Off	8	static
../User/Edit/src/mode.c:727:14:f_Mode_Heater_PID_Handler	16	static
../User/Edit/src/mode.c:670:13:v_Mode_BlowFan_Handler	8	static
../User/Edit/src/mode.c:480:13:v_Mode_CoolFan_Handler	8	static
../User/Edit/src/mode.c:367:13:v_Mode_Speaker_Vol_Handler	8	static
../User/Edit/src/mode.c:87:6:v_Mode_SetInit	0	static
../User/Edit/src/mode.c:93:6:v_Mode_SetNext	0	static
../User/Edit/src/mode.c:99:6:v_Mode_MoveNext	0	static
../User/Edit/src/mode.c:107:6:v_Mode_CurrEnd	0	static
../User/Edit/src/mode.c:111:12:e_Mode_Get_CurrID	0	static
../User/Edit/src/mode.c:118:13:e_Mode_Get_Error	0	static
../User/Edit/src/mode.c:122:6:v_Mode_Set_Error	0	static
../User/Edit/src/mode.c:132:10:u32_Mode_Get_Waiting_Tout	0	static
../User/Edit/src/mode.c:136:10:u32_Mode_Get_ForceUp_Tout	0	static
../User/Edit/src/mode.c:140:10:u32_Mode_Get_ForceOn_Tout	0	static
../User/Edit/src/mode.c:144:10:u32_Mode_Get_ForceDown_Tout	0	static
../User/Edit/src/mode.c:148:6:v_Mode_Config_Tout	4	static
../User/Edit/src/mode.c:161:7:f_Mode_Get_Temp_Max	0	static
../User/Edit/src/mode.c:165:7:f_Mode_Get_Temp_Sleep	0	static
../User/Edit/src/mode.c:169:7:f_Mode_Get_Temp_Waiting	0	static
../User/Edit/src/mode.c:173:7:f_Mode_Get_Temp_ForceUp	0	static
../User/Edit/src/mode.c:178:6:v_Mode_Set_Temp_Max	0	static
../User/Edit/src/mode.c:182:6:v_Mode_Set_Temp_Sleep	0	static
../User/Edit/src/mode.c:187:6:v_Mode_Set_Temp_Waiting	0	static
../User/Edit/src/mode.c:192:6:v_Mode_Set_Temp_ForceUp	0	static
../User/Edit/src/mode.c:203:10:u32_Mode_Get_ForceDownDelay	0	static
../User/Edit/src/mode.c:207:6:v_Mode_Set_ForceDownDelay	0	static
../User/Edit/src/mode.c:218:6:v_Mode_Enable_BlowFanSW	0	static
../User/Edit/src/mode.c:222:6:v_Mode_Enable_ToggleSW	0	static
../User/Edit/src/mode.c:226:6:v_Mode_Enable_PwrSW	0	static
../User/Edit/src/mode.c:256:5:i_Mode_Get_AI	0	static
../User/Edit/src/mode.c:260:6:v_Mode_Set_AI	0	static
../User/Edit/src/mode.c:285:5:i_Mode_Get_GyroAngle_Act	0	static
../User/Edit/src/mode.c:289:5:i_Mode_Get_GyroAngle_Rel	0	static
../User/Edit/src/mode.c:293:6:v_Mode_Set_GyroAngle_Act	0	static
../User/Edit/src/mode.c:298:6:v_Mode_Set_GyroAngle_Rel	0	static
../User/Edit/src/mode.c:343:5:i_Mode_Get_Speaker_Vol	0	static
../User/Edit/src/mode.c:347:6:v_Mode_Set_Speaker_Vol	0	static
../User/Edit/src/mode.c:359:6:v_Mode_Set_Speaker_Mute	0	static
../User/Edit/src/mode.c:379:6:v_Mode_Set_MP3_Play	0	static
../User/Edit/src/mode.c:383:5:i_Mode_Get_MP3_Play	0	static
../User/Edit/src/mode.c:392:10:u16_Mode_Get_CoolFan_Max	0	static
../User/Edit/src/mode.c:396:10:u16_Mode_Get_CoolFan_Now	0	static
../User/Edit/src/mode.c:400:6:v_Mode_Set_CoolFan_Max	0	static
../User/Edit/src/mode.c:404:6:v_Mode_Set_CoolFan_Now	0	static
../User/Edit/src/mode.c:409:5:i_Mode_Is_CoolFan_Act	0	static
../User/Edit/src/mode.c:418:6:v_Mode_CoolFan_Enable	0	static
../User/Edit/src/mode.c:422:6:v_Mode_CoolFan_Disable	0	static
../User/Edit/src/mode.c:490:10:u16_Mode_Get_HeatPad_Max	0	static
../User/Edit/src/mode.c:494:10:u16_Mode_Get_HeatPad_Now	0	static
../User/Edit/src/mode.c:498:6:v_Mode_Set_HeatPad_Max	0	static
../User/Edit/src/mode.c:502:6:v_Mode_Set_HeatPad_Now	0	static
../User/Edit/src/mode.c:506:6:v_Mode_HeatPad_Enable	0	static
../User/Edit/src/mode.c:510:6:v_Mode_HeatPad_Disable	0	static
../User/Edit/src/mode.c:580:10:u16_Mode_Get_BlowFan_Max	0	static
../User/Edit/src/mode.c:584:10:u16_Mode_Get_BlowFan_Now	0	static
../User/Edit/src/mode.c:588:6:v_Mode_Set_BlowFan_Max	0	static
../User/Edit/src/mode.c:592:6:v_Mode_Set_BlowFan_Now	0	static
../User/Edit/src/mode.c:596:6:v_Mode_BlowFan_Enable	0	static
../User/Edit/src/mode.c:600:5:i_Mode_Is_BlowFan_Act	0	static
../User/Edit/src/mode.c:949:13:v_Mode_Bat_Handler	32	static
../User/Edit/src/mode.c:609:6:v_Mode_BlowFan_Disable	0	static
../User/Edit/src/mode.c:983:6:v_Mode_Sensing_Handler	88	static
../User/Edit/src/mode.c:1616:6:v_Mode_Off	16	static
../User/Edit/src/mode.c:1700:6:v_Mode_WakeUp_LED	8	static
../User/Edit/src/mode.c:1705:6:v_Mode_WakeUp	16	static
../User/Edit/src/mode.c:1828:6:v_Mode_DBG_Enter	0	static
../User/Edit/src/mode.c:1832:6:v_Mode_Set_DBG_TempMax	0	static
../User/Edit/src/mode.c:1836:6:v_Mode_Set_DBG_FanSpeed	0	static
../User/Edit/src/mode.c:1840:6:v_Mode_Set_DBG_FoceUp	0	static
../User/Edit/src/mode.c:1849:6:v_Mode_Set_DBG_ForceDown	0	static
../User/Edit/src/mode.c:1853:6:v_Mode_Set_DBG_Waiting	0	static
../User/Edit/src/mode.c:1857:6:v_Mode_Set_DBG_Tout	0	static
../User/Edit/src/mode.c:1861:6:v_Mode_Set_DBG_Act	0	static
../User/Edit/src/mode.c:2049:6:v_Mode_Init	24	static
../User/Edit/src/mode.c:2108:6:v_Mode_Handler	16	static
../User/Edit/src/mode.c:2150:6:v_Mode_CoolFan	8	static
../User/Edit/src/mode.c:2160:6:v_Mode_Sound_Test	8	static
