../ICM42670P/platform/src/icm42670p_platform.c:1941:13:v_IMU_Tilt_Compute_Orientation	40	static
../ICM42670P/platform/src/icm42670p_platform.c:1961:13:v_IMU_Tilt_Compute_Angle	16	static
../ICM42670P/platform/src/icm42670p_platform.c:118:6:IMU_Init	0	static
../ICM42670P/platform/src/icm42670p_platform.c:130:6:v_IMU_RD_Done	16	static
../ICM42670P/platform/src/icm42670p_platform.c:146:6:v_IMU_WR_Done	0	static
../ICM42670P/platform/src/icm42670p_platform.c:155:5:i_IMU_Write	24	static
../ICM42670P/platform/src/icm42670p_platform.c:167:5:i_IMU_Read	16	static
../ICM42670P/platform/src/icm42670p_platform.c:179:6:v_IMU_Tout_Handler	8	static
../ICM42670P/platform/src/icm42670p_platform.c:305:13:e_IMU_Reset	16	static
../ICM42670P/platform/src/icm42670p_platform.c:347:13:e_IMU_Get_ID	8	static
../ICM42670P/platform/src/icm42670p_platform.c:369:13:e_IMU_Config_INTF	16	static
../ICM42670P/platform/src/icm42670p_platform.c:492:13:e_IMU_Config_ACC	16	static
../ICM42670P/platform/src/icm42670p_platform.c:534:13:e_IMU_Config_GYRO	16	static
../ICM42670P/platform/src/icm42670p_platform.c:575:13:e_IMU_MCLK_On	16	static
../ICM42670P/platform/src/icm42670p_platform.c:200:13:e_IMU_Read_MREG	40	static
../ICM42670P/platform/src/icm42670p_platform.c:253:13:e_IMU_Write_MREG	48	static
../ICM42670P/platform/src/icm42670p_platform.c:404:13:e_IMU_Config_INT	40	static
../ICM42670P/platform/src/icm42670p_platform.c:613:13:e_IMU_MCLK_Off	16	static
../ICM42670P/platform/src/icm42670p_platform.c:641:13:e_IMU_Config_FIFO	24	static
../ICM42670P/platform/src/icm42670p_platform.c:769:10:u32_IMU_Get_ACC_ODR_toUS	0	static
../ICM42670P/platform/src/icm42670p_platform.c:781:13:e_IMU_Config_PWR_Mode	24	static
../ICM42670P/platform/src/icm42670p_platform.c:857:13:e_IMU_Config_Parameter	40	static
../ICM42670P/platform/src/icm42670p_platform.c:963:13:e_IMU_Reset_DMP	24	static
../ICM42670P/platform/src/icm42670p_platform.c:1027:13:e_IMU_Resume_DMP	24	static
../ICM42670P/platform/src/icm42670p_platform.c:1073:13:e_IMU_Disable_Pedometer	16	static
../ICM42670P/platform/src/icm42670p_platform.c:1105:13:e_IMU_Enable_Pedometer	16	static
../ICM42670P/platform/src/icm42670p_platform.c:1138:13:e_IMU_Enable_FreeFall	32	static
../ICM42670P/platform/src/icm42670p_platform.c:1190:13:e_IMU_Config_EVT	32	static
../ICM42670P/platform/src/icm42670p_platform.c:1262:13:e_IMU_Read_FromREG	16	static
../ICM42670P/platform/src/icm42670p_platform.c:1314:13:e_IMU_Read_FromREG_T	8	static
../ICM42670P/platform/src/icm42670p_platform.c:1364:13:e_IMU_Read_DATA_EVT	8	static
../ICM42670P/platform/src/icm42670p_platform.c:1404:13:e_IMU_Read_FromFIFO	16	static
../ICM42670P/platform/src/icm42670p_platform.c:1456:6:v_IMU_Decode_REG	4	static
../ICM42670P/platform/src/icm42670p_platform.c:1467:6:v_IMU_Decode_FIFO	0	static
../ICM42670P/platform/src/icm42670p_platform.c:1499:6:v_IMU_Init	0	static
../ICM42670P/platform/src/icm42670p_platform.c:1508:6:b_IMU_Config	8	static
../ICM42670P/platform/src/icm42670p_platform.c:1625:6:v_IMU_Handler_T	8	static
../ICM42670P/platform/src/icm42670p_platform.c:1694:6:v_IMU_Tilt_Center_Enable	0	static
../ICM42670P/platform/src/icm42670p_platform.c:1699:6:v_IMU_Tilt_Center_Disable	0	static
../ICM42670P/platform/src/icm42670p_platform.c:1703:5:i_IMU_Tilt_Is_Center	0	static
../ICM42670P/platform/src/icm42670p_platform.c:1711:7:f_IMU_Get_Tilt_X_Center_L	0	static
../ICM42670P/platform/src/icm42670p_platform.c:1715:7:f_IMU_Get_Tilt_Y_Center_L	0	static
../ICM42670P/platform/src/icm42670p_platform.c:1719:7:f_IMU_Get_Tilt_Z_Center_L	0	static
../ICM42670P/platform/src/icm42670p_platform.c:1723:7:f_IMU_Get_Tilt_X_Center_R	0	static
../ICM42670P/platform/src/icm42670p_platform.c:1727:7:f_IMU_Get_Tilt_Y_Center_R	0	static
../ICM42670P/platform/src/icm42670p_platform.c:1731:7:f_IMU_Get_Tilt_Z_Center_R	0	static
../ICM42670P/platform/src/icm42670p_platform.c:1737:6:v_IMU_Deinit	0	static
../ICM42670P/platform/src/icm42670p_platform.c:1742:15:e_IMU_Ready	8	static
../ICM42670P/platform/src/icm42670p_platform.c:1817:6:v_IMU_Handler	40	static
../ICM42670P/platform/src/icm42670p_platform.c:1881:10:pi16_IMU_Get_Left	0	static
../ICM42670P/platform/src/icm42670p_platform.c:1885:10:pi16_IMU_Get_Right	0	static
../ICM42670P/platform/src/icm42670p_platform.c:1889:9:u8_IMU_Get_EVT_Left	0	static
../ICM42670P/platform/src/icm42670p_platform.c:1893:9:u8_IMU_Get_EVT_Right	0	static
../ICM42670P/platform/src/icm42670p_platform.c:1897:6:v_IMU_Clear_EVT_Left	0	static
../ICM42670P/platform/src/icm42670p_platform.c:1901:6:v_IMU_Clear_EVT_Right	0	static
../ICM42670P/platform/src/icm42670p_platform.c:1906:10:x_IMU_Get_Offset_Left	32	static
../ICM42670P/platform/src/icm42670p_platform.c:1910:10:x_IMU_Get_Offset_Right	32	static
../ICM42670P/platform/src/icm42670p_platform.c:1914:10:x_IMU_Get_Angle_Left	32	static
../ICM42670P/platform/src/icm42670p_platform.c:1918:10:x_IMU_Get_Angle_Right	32	static
../ICM42670P/platform/src/icm42670p_platform.c:2006:15:e_IMU_Read_Data	8	static
