../MLX90640/core/src/MLX90640_API.c:1387:13:CheckAdjacentPixels	0	static
../MLX90640/core/src/MLX90640_API.c:871:13:ExtractAlphaParameters	3384	static
../MLX90640/core/src/MLX90640_API.c:1040:13:ExtractKtaPixelParameters	3160	static
../MLX90640/core/src/MLX90640_API.c:1112:13:ExtractKvPixelParameters	3152	static
../MLX90640/core/src/MLX90640_API.c:41:5:MLX90640_DumpEE	8	static
../MLX90640/core/src/MLX90640_API.c:46:5:MLX90640_SynchFrame	24	static
../MLX90640/core/src/MLX90640_API.c:72:5:MLX90640_TriggerMeasurement	16	static
../MLX90640/core/src/MLX90640_API.c:114:5:MLX90640_GetFrameData	160	static
../MLX90640/core/src/MLX90640_API.c:257:5:MLX90640_SetResolution	24	static
../MLX90640/core/src/MLX90640_API.c:280:5:MLX90640_GetCurResolution	16	static
../MLX90640/core/src/MLX90640_API.c:298:5:MLX90640_SetRefreshRate	24	static
../MLX90640/core/src/MLX90640_API.c:320:5:MLX90640_GetRefreshRate	16	static
../MLX90640/core/src/MLX90640_API.c:338:5:MLX90640_SetInterleavedMode	16	static
../MLX90640/core/src/MLX90640_API.c:357:5:MLX90640_SetChessMode	16	static
../MLX90640/core/src/MLX90640_API.c:376:5:MLX90640_GetCurMode	16	static
../MLX90640/core/src/MLX90640_API.c:616:7:MLX90640_GetVdd	24	static
../MLX90640/core/src/MLX90640_API.c:632:7:MLX90640_GetTa	16	static
../MLX90640/core/src/MLX90640_API.c:394:6:MLX90640_CalculateTo	136	static
../MLX90640/core/src/MLX90640_API.c:527:6:MLX90640_GetImage	80	static
../MLX90640/core/src/MLX90640_API.c:653:5:MLX90640_GetSubPageNumber	0	static
../MLX90640/core/src/MLX90640_API.c:660:6:MLX90640_BadPixelsCorrection	64	static
../MLX90640/core/src/MLX90640_API.c:1296:5:ExtractDeviatingPixels	56	static
../MLX90640/core/src/MLX90640_API.c:232:5:MLX90640_ExtractParameters	296	static
